Last model test run at: Mon Mar  9 08:35:48 UTC 2026
